ASxxxx Linker V02.00 + NoICE + sdld,  page 1.
Hexadecimal  [32-Bits]

Area                                    Addr        Size        Decimal Bytes (Attributes)
--------------------------------        ----        ----        ------- ----- ------------
XABS2                               00000000    00000004 =           4. bytes (ABS,CON,XDATA)

      Value  Global                              Global Defined In Module
      -----  --------------------------------   ------------------------
     0D:   FFFFFF00  s_BSEG                          
     0D:   00000000  l_BSEG                          
     0D:   00000000  l_BSEG_BYTES                    
     0D:   00000000  l_CABS                          
     0D:   00000000  l_GSINIT1                       
     0D:   00000000  l_GSINIT5                       
     0D:   00000000  l_IABS                          
     0D:   00000000  l_ISEG                          
     0D:   00000000  l_OSEG                          
     0D:   00000000  l_PSEG                          
     0D:   00000000  l_REG_BANK_1                    
     0D:   00000000  l_REG_BANK_2                    
     0D:   00000000  l_REG_BANK_3                    
     0D:   00000000  l_RSEG                          
     0D:   00000000  l_RSEG0                         
     0D:   00000000  l_RSEG1                         
     0D:   00000000  l_XABS                          
     0D:   00000000  l__CODE                         
     0D:   00000000  s_BSEG_BYTES                    
     0D:   00000000  s_CABS                          
     0D:   00000000  s_DSEG                          
     0D:   00000000  s_HOME                          
     0D:   00000000  s_IABS                          
     0D:   00000000  s_ISEG                          
     0D:   00000000  s_PSEG                          
     0D:   00000000  s_REG_BANK_0                    
     0D:   00000000  s_RSEG                          
     0D:   00000000  s_RSEG0                         
     0D:   00000000  s_RSEG1                         
     0D:   00000000  s_XABS                          
     0D:   00000000  s_XABS2                         
     0D:   00000000  s_XSEG                          
     0D:   00000001  l_BIT_BANK                      
     0D:   00000003  l_GSFINAL                       
     0D:   00000003  l_GSINIT0                       
     0D:   00000004  l_XABS2                         
     0D:   00000008  l_REG_BANK_0                    
     0D:   00000008  s_REG_BANK_1                    
     0D:   0000000A  l_GSINIT2                       
     0D:   00000010  s_REG_BANK_2                    
     0D:   00000018  s_REG_BANK_3                    
     0D:   00000020  s_BIT_BANK                      
     0D:   00000020  s_OSEG                          
     0D:   00000020  s__CODE                         
     0D:   00000021  s_SSEG                          
     0D:   00000022  l_GSINIT3                       
     0D:   0000002A  l_GSINIT4                       
     0D:   00000048  l_GSINIT                        
     0D:   00000074  l_DSEG                          
     0D:   000000DF  l_SSEG                          
ASxxxx Linker V02.00 + NoICE + sdld,  page 2.
Hexadecimal  [32-Bits]

Area                                    Addr        Size        Decimal Bytes (Attributes)
--------------------------------        ----        ----        ------- ----- ------------
XABS2                               00000000    00000004 =           4. bytes (ABS,CON,XDATA)

      Value  Global                              Global Defined In Module
      -----  --------------------------------   ------------------------
     0D:   00000100  l_IRAM                          
     0D:   00000137  l_XINIT                         
     0D:   00000137  l_XISEG                         
     0D:   000006C1  l_CONST                         
     0D:   00001D95  l_XSEG                          
     0D:   00001D99  s_XISEG                         
     0D:   00003B26  l_CSEG                          
     0D:   00003C18  l_BANK5                         
     0D:   00003C3B  l_HOME                          
     0D:   00003C3B  s_GSINIT0                       
     0D:   00003C3E  s_GSINIT1                       
     0D:   00003C3E  s_GSINIT2                       
     0D:   00003C48  s_GSINIT3                       
     0D:   00003C6A  s_GSINIT4                       
     0D:   00003C94  s_GSINIT                        
     0D:   00003C94  s_GSINIT5                       
     0D:   00003CDC  s_GSFINAL                       
     0D:   00003CDF  s_CSEG                          
     0D:   00007805  s_CONST                         
     0D:   00007EC6  s_XINIT                         
     0D:   00007FDD  l_BANK4                         
     0D:   00007FF3  l_BANK3                         
     0D:   00007FF9  l_BANK1                         
     0D:   00007FFF  l_BANK2                         
     0D:   00018000  s_BANK1                         
     0D:   00028000  s_BANK2                         
     0D:   00038000  s_BANK3                         
     0D:   00048000  s_BANK4                         
     0D:   00058000  s_BANK5                         

ASxxxx Linker V02.00 + NoICE + sdld,  page 3.
Hexadecimal  [32-Bits]

Area                                    Addr        Size        Decimal Bytes (Attributes)
--------------------------------        ----        ----        ------- ----- ------------
.	.ABS.                             00000000    00000000 =           0. bytes (ABS,CON)

      Value  Global                              Global Defined In Module
      -----  --------------------------------   ------------------------
           00000000  .__.ABS.                           _ulong2fs
           00000080  _P0                                rpl_of_etx
           00000080  _P0_0                              rpl_of_etx
           00000081  _P0_1                              rpl_of_etx
           00000081  _SP                                rpl_of_etx
           00000082  _DPL0                              rpl_of_etx
           00000082  _P0_2                              rpl_of_etx
           00000083  _DPH0                              rpl_of_etx
           00000083  _P0_3                              rpl_of_etx
           00000084  _DPL1                              rpl_of_etx
           00000084  _P0_4                              rpl_of_etx
           00000085  _DPH1                              rpl_of_etx
           00000085  _P0_5                              rpl_of_etx
           00000086  _P0_6                              rpl_of_etx
           00000086  _U0CSR                             rpl_of_etx
           00000087  _P0_7                              rpl_of_etx
           00000087  _PCON                              rpl_of_etx
           00000088  _IT0                               rpl_of_etx
           00000088  _TCON                              rpl_of_etx
           00000089  _P0IFG                             rpl_of_etx
           00000089  _RFERRIF                           rpl_of_etx
           0000008A  _IT1                               rpl_of_etx
           0000008A  _P1IFG                             rpl_of_etx
           0000008B  _P2IFG                             rpl_of_etx
           0000008B  _URX0IF                            rpl_of_etx
           0000008C  _PICTL                             rpl_of_etx
           0000008D  _ADCIF                             rpl_of_etx
           0000008D  _P1IEN                             rpl_of_etx
           0000008F  _P0INP                             rpl_of_etx
           0000008F  _URX1IF                            rpl_of_etx
           00000090  _P1                                rpl_of_etx
           00000090  _P1_0                              rpl_of_etx
           00000091  _P1_1                              rpl_of_etx
           00000091  _RFIRQF1                           rpl_of_etx
           00000092  _DPS                               rpl_of_etx
           00000092  _P1_2                              rpl_of_etx
           00000093  _MPAGE                             rpl_of_etx
           00000093  _P1_3                              rpl_of_etx
           00000093  __XPAGE                            rpl_of_etx
           00000094  _P1_4                              rpl_of_etx
           00000094  _T2CTRL                            rpl_of_etx
           00000095  _P1_5                              rpl_of_etx
           00000095  _ST0                               rpl_of_etx
           00000096  _P1_6                              rpl_of_etx
           00000096  _ST1                               rpl_of_etx
           00000097  _P1_7                              rpl_of_etx
           00000097  _ST2                               rpl_of_etx
           00000098  _ENCIF_0                           rpl_of_etx
           00000098  _S0CON                             rpl_of_etx
           00000099  _ENCIF_1                           rpl_of_etx
ASxxxx Linker V02.00 + NoICE + sdld,  page 4.
Hexadecimal  [32-Bits]

Area                                    Addr        Size        Decimal Bytes (Attributes)
--------------------------------        ----        ----        ------- ----- ------------
.	.ABS.                             00000000    00000000 =           0. bytes (ABS,CON)

      Value  Global                              Global Defined In Module
      -----  --------------------------------   ------------------------
           0000009A  _IEN2                              rpl_of_etx
           0000009B  _S1CON                             rpl_of_etx
           0000009C  _T2EVTCFG                          rpl_of_etx
           0000009D  _SLEEPSTA                          rpl_of_etx
           0000009E  _CLKCONSTA                         rpl_of_etx
           0000009F  _FMAP                              rpl_of_etx
           0000009F  _PSBANK                            rpl_of_etx
           000000A0  _P2                                rpl_of_etx
           000000A0  _P2_0                              rpl_of_etx
           000000A1  _P2_1                              rpl_of_etx
           000000A1  _T2IRQF                            rpl_of_etx
           000000A2  _P2_2                              rpl_of_etx
           000000A2  _T2M0                              rpl_of_etx
           000000A3  _P2_3                              rpl_of_etx
           000000A3  _T2M1                              rpl_of_etx
           000000A4  _P2_4                              rpl_of_etx
           000000A4  _T2MOVF0                           rpl_of_etx
           000000A5  _P2_5                              rpl_of_etx
           000000A5  _T2MOVF1                           rpl_of_etx
           000000A6  _P2_6                              rpl_of_etx
           000000A6  _T2MOVF2                           rpl_of_etx
           000000A7  _P2_7                              rpl_of_etx
           000000A7  _T2IRQM                            rpl_of_etx
           000000A8  _IEN0                              rpl_of_etx
           000000A8  _RFERRIE                           rpl_of_etx
           000000A9  _ADCIE                             rpl_of_etx
           000000A9  _IP0                               rpl_of_etx
           000000AA  _URX0IE                            rpl_of_etx
           000000AB  _P0IEN                             rpl_of_etx
           000000AB  _URX1IE                            rpl_of_etx
           000000AC  _ENCIE                             rpl_of_etx
           000000AC  _P2IEN                             rpl_of_etx
           000000AD  _STIE                              rpl_of_etx
           000000AD  _STLOAD                            rpl_of_etx
           000000AE  _PMUX                              rpl_of_etx
           000000AF  _EA                                rpl_of_etx
           000000AF  _T1STAT                            rpl_of_etx
           000000B1  _ENCDI                             rpl_of_etx
           000000B2  _ENCDO                             rpl_of_etx
           000000B3  _ENCCS                             rpl_of_etx
           000000B4  _ADCCON1                           rpl_of_etx
           000000B5  _ADCCON2                           rpl_of_etx
           000000B6  _ADCCON3                           rpl_of_etx
           000000B8  _DMAIE                             rpl_of_etx
           000000B8  _IEN1                              rpl_of_etx
           000000B9  _IP1                               rpl_of_etx
           000000B9  _T1IE                              rpl_of_etx
           000000BA  _ADCL                              rpl_of_etx
           000000BA  _T2IE                              rpl_of_etx
           000000BB  _ADCH                              rpl_of_etx
           000000BB  _T3IE                              rpl_of_etx
ASxxxx Linker V02.00 + NoICE + sdld,  page 5.
Hexadecimal  [32-Bits]

Area                                    Addr        Size        Decimal Bytes (Attributes)
--------------------------------        ----        ----        ------- ----- ------------
.	.ABS.                             00000000    00000000 =           0. bytes (ABS,CON)

      Value  Global                              Global Defined In Module
      -----  --------------------------------   ------------------------
           000000BC  _RNDL                              rpl_of_etx
           000000BC  _T4IE                              rpl_of_etx
           000000BD  _P0IE                              rpl_of_etx
           000000BD  _RNDH                              rpl_of_etx
           000000BE  _SLEEPCMD                          rpl_of_etx
           000000BF  _RFERRF                            rpl_of_etx
           000000C0  _DMAIF                             rpl_of_etx
           000000C0  _IRCON                             rpl_of_etx
           000000C1  _T1IF                              rpl_of_etx
           000000C1  _U0DBUF                            rpl_of_etx
           000000C2  _T2IF                              rpl_of_etx
           000000C2  _U0BAUD                            rpl_of_etx
           000000C3  _T2MSEL                            rpl_of_etx
           000000C3  _T3IF                              rpl_of_etx
           000000C4  _T4IF                              rpl_of_etx
           000000C4  _U0UCR                             rpl_of_etx
           000000C5  _P0IF                              rpl_of_etx
           000000C5  _U0GCR                             rpl_of_etx
           000000C6  _CLKCONCMD                         rpl_of_etx
           000000C7  _MEMCTR                            rpl_of_etx
           000000C7  _STIF                              rpl_of_etx
           000000C9  _WDCTL                             rpl_of_etx
           000000CA  _T3CNT                             rpl_of_etx
           000000CB  _T3CTL                             rpl_of_etx
           000000CC  _T3CCTL0                           rpl_of_etx
           000000CD  _T3CC0                             rpl_of_etx
           000000CE  _T3CCTL1                           rpl_of_etx
           000000CF  _T3CC1                             rpl_of_etx
           000000D0  _P                                 rpl_of_etx
           000000D0  _PSW                               rpl_of_etx
           000000D1  _DMAIRQ                            rpl_of_etx
           000000D1  _F1                                rpl_of_etx
           000000D2  _DMA1CFGL                          rpl_of_etx
           000000D2  _OV                                rpl_of_etx
           000000D3  _DMA1CFGH                          rpl_of_etx
           000000D3  _RS0                               rpl_of_etx
           000000D4  _DMA0CFGL                          rpl_of_etx
           000000D4  _RS1                               rpl_of_etx
           000000D5  _DMA0CFGH                          rpl_of_etx
           000000D5  _F0                                rpl_of_etx
           000000D6  _AC                                rpl_of_etx
           000000D6  _DMAARM                            rpl_of_etx
           000000D7  _CY                                rpl_of_etx
           000000D7  _DMAREQ                            rpl_of_etx
           000000D8  _T3OVFIF                           rpl_of_etx
           000000D8  _TIMIF                             rpl_of_etx
           000000D9  _RFD                               rpl_of_etx
           000000D9  _T3CH0IF                           rpl_of_etx
           000000DA  _T1CC0L                            rpl_of_etx
           000000DA  _T3CH1IF                           rpl_of_etx
           000000DB  _T1CC0H                            rpl_of_etx
ASxxxx Linker V02.00 + NoICE + sdld,  page 6.
Hexadecimal  [32-Bits]

Area                                    Addr        Size        Decimal Bytes (Attributes)
--------------------------------        ----        ----        ------- ----- ------------
.	.ABS.                             00000000    00000000 =           0. bytes (ABS,CON)

      Value  Global                              Global Defined In Module
      -----  --------------------------------   ------------------------
           000000DB  _T4OVFIF                           rpl_of_etx
           000000DC  _T1CC1L                            rpl_of_etx
           000000DC  _T4CH0IF                           rpl_of_etx
           000000DD  _T1CC1H                            rpl_of_etx
           000000DD  _T4CH1IF                           rpl_of_etx
           000000DE  _OVFIM                             rpl_of_etx
           000000DE  _T1CC2L                            rpl_of_etx
           000000DF  _T1CC2H                            rpl_of_etx
           000000E0  _ACC                               rpl_of_etx
           000000E0  _ACC_0                             rpl_of_etx
           000000E1  _ACC_1                             rpl_of_etx
           000000E1  _RFST                              rpl_of_etx
           000000E2  _ACC_2                             rpl_of_etx
           000000E2  _T1CNTL                            rpl_of_etx
           000000E3  _ACC_3                             rpl_of_etx
           000000E3  _T1CNTH                            rpl_of_etx
           000000E4  _ACC_4                             rpl_of_etx
           000000E4  _T1CTL                             rpl_of_etx
           000000E5  _ACC_5                             rpl_of_etx
           000000E5  _T1CCTL0                           rpl_of_etx
           000000E6  _ACC_6                             rpl_of_etx
           000000E6  _T1CCTL1                           rpl_of_etx
           000000E7  _ACC_7                             rpl_of_etx
           000000E7  _T1CCTL2                           rpl_of_etx
           000000E8  _IRCON2                            rpl_of_etx
           000000E8  _P2IF                              rpl_of_etx
           000000E9  _RFIRQF0                           rpl_of_etx
           000000E9  _UTX0IF                            rpl_of_etx
           000000EA  _T4CNT                             rpl_of_etx
           000000EA  _UTX1IF                            rpl_of_etx
           000000EB  _P1IF                              rpl_of_etx
           000000EB  _T4CTL                             rpl_of_etx
           000000EC  _T4CCTL0                           rpl_of_etx
           000000EC  _WDTIF                             rpl_of_etx
           000000ED  _T4CC0                             rpl_of_etx
           000000EE  _T4CCTL1                           rpl_of_etx
           000000EF  _T4CC1                             rpl_of_etx
           000000F0  _B                                 rpl_of_etx
           000000F0  _B_0                               rpl_of_etx
           000000F1  _B_1                               rpl_of_etx
           000000F1  _PERCFG                            rpl_of_etx
           000000F2  _APCFG                             rpl_of_etx
           000000F2  _B_2                               rpl_of_etx
           000000F3  _B_3                               rpl_of_etx
           000000F3  _P0SEL                             rpl_of_etx
           000000F4  _B_4                               rpl_of_etx
           000000F4  _P1SEL                             rpl_of_etx
           000000F5  _B_5                               rpl_of_etx
           000000F5  _P2SEL                             rpl_of_etx
           000000F6  _B_6                               rpl_of_etx
           000000F6  _P1INP                             rpl_of_etx
ASxxxx Linker V02.00 + NoICE + sdld,  page 7.
Hexadecimal  [32-Bits]

Area                                    Addr        Size        Decimal Bytes (Attributes)
--------------------------------        ----        ----        ------- ----- ------------
.	.ABS.                             00000000    00000000 =           0. bytes (ABS,CON)

      Value  Global                              Global Defined In Module
      -----  --------------------------------   ------------------------
           000000F7  _B_7                               rpl_of_etx
           000000F7  _P2INP                             rpl_of_etx
           000000F8  _ACTIVE                            rpl_of_etx
           000000F8  _U1CSR                             rpl_of_etx
           000000F9  _TX_BYTE                           rpl_of_etx
           000000F9  _U1DBUF                            rpl_of_etx
           000000FA  _RX_BYTE                           rpl_of_etx
           000000FA  _U1BAUD                            rpl_of_etx
           000000FB  _ERR                               rpl_of_etx
           000000FB  _U1UCR                             rpl_of_etx
           000000FC  _FE                                rpl_of_etx
           000000FC  _U1GCR                             rpl_of_etx
           000000FD  _P0DIR                             rpl_of_etx
           000000FD  _SLAVE                             rpl_of_etx
           000000FE  _P1DIR                             rpl_of_etx
           000000FE  _RE                                rpl_of_etx
           000000FF  _MODE                              rpl_of_etx
           000000FF  _P2DIR                             rpl_of_etx
           00006000  _RFCORE_RAM                        rpl_of_etx
           00006000  _RXFIFO                            rpl_of_etx
           00006080  _TXFIFO                            rpl_of_etx
           00006100  _SRC_ADDR_TABLE                    rpl_of_etx
           00006160  _SRCRESMASK0                       rpl_of_etx
           00006161  _SRCRESMASK1                       rpl_of_etx
           00006162  _SRCRESMASK2                       rpl_of_etx
           00006163  _SRCRESINDEX                       rpl_of_etx
           00006164  _SRCEXTPENDEN0                     rpl_of_etx
           00006165  _SRCEXTPENDEN1                     rpl_of_etx
           00006166  _SRCEXTPENDEN2                     rpl_of_etx
           00006167  _SRCSHORTPENDEN0                   rpl_of_etx
           00006168  _SRCSHORTPENDEN1                   rpl_of_etx
           00006169  _SRCSHORTPENDEN2                   rpl_of_etx
           0000616A  _EXT_ADDR0                         rpl_of_etx
           0000616B  _EXT_ADDR1                         rpl_of_etx
           0000616C  _EXT_ADDR2                         rpl_of_etx
           0000616D  _EXT_ADDR3                         rpl_of_etx
           0000616E  _EXT_ADDR4                         rpl_of_etx
           0000616F  _EXT_ADDR5                         rpl_of_etx
           00006170  _EXT_ADDR6                         rpl_of_etx
           00006171  _EXT_ADDR7                         rpl_of_etx
           00006172  _PAN_ID0                           rpl_of_etx
           00006173  _PAN_ID1                           rpl_of_etx
           00006174  _SHORT_ADDR0                       rpl_of_etx
           00006175  _SHORT_ADDR1                       rpl_of_etx
           00006180  _FRMFILT0                          rpl_of_etx
           00006181  _FRMFILT1                          rpl_of_etx
           00006182  _SRCMATCH                          rpl_of_etx
           00006183  _SRCSHORTEN0                       rpl_of_etx
           00006184  _SRCSHORTEN1                       rpl_of_etx
           00006185  _SRCSHORTEN2                       rpl_of_etx
           00006186  _SRCEXTEN0                         rpl_of_etx
ASxxxx Linker V02.00 + NoICE + sdld,  page 8.
Hexadecimal  [32-Bits]

Area                                    Addr        Size        Decimal Bytes (Attributes)
--------------------------------        ----        ----        ------- ----- ------------
.	.ABS.                             00000000    00000000 =           0. bytes (ABS,CON)

      Value  Global                              Global Defined In Module
      -----  --------------------------------   ------------------------
           00006187  _SRCEXTEN1                         rpl_of_etx
           00006188  _SRCEXTEN2                         rpl_of_etx
           00006189  _FRMCTRL0                          rpl_of_etx
           0000618A  _FRMCTRL1                          rpl_of_etx
           0000618B  _RXENABLE                          rpl_of_etx
           0000618C  _RXMASKSET                         rpl_of_etx
           0000618D  _RXMASKCLR                         rpl_of_etx
           0000618E  _FREQTUNE                          rpl_of_etx
           0000618F  _FREQCTRL                          rpl_of_etx
           00006190  _TXPOWER                           rpl_of_etx
           00006191  _TXCTRL                            rpl_of_etx
           00006192  _FSMSTAT0                          rpl_of_etx
           00006193  _FSMSTAT1                          rpl_of_etx
           00006194  _FIFOPCTRL                         rpl_of_etx
           00006195  _FSMCTRL                           rpl_of_etx
           00006196  _CCACTRL0                          rpl_of_etx
           00006197  _CCACTRL1                          rpl_of_etx
           00006198  _RSSI                              rpl_of_etx
           00006199  _RSSISTAT                          rpl_of_etx
           0000619A  _RXFIRST                           rpl_of_etx
           0000619B  _RXFIFOCNT                         rpl_of_etx
           0000619C  _TXFIFOCNT                         rpl_of_etx
           0000619D  _RXFIRST_PTR                       rpl_of_etx
           0000619E  _RXLAST_PTR                        rpl_of_etx
           0000619F  _RXP1_PTR                          rpl_of_etx
           000061A1  _TXFIRST_PTR                       rpl_of_etx
           000061A2  _TXLAST_PTR                        rpl_of_etx
           000061A3  _RFIRQM0                           rpl_of_etx
           000061A4  _RFIRQM1                           rpl_of_etx
           000061A5  _RFERRM                            rpl_of_etx
           000061A6  _MONMUX                            rpl_of_etx
           000061A6  _OPAMPMC                           rpl_of_etx
           000061A7  _RFRND                             rpl_of_etx
           000061A8  _MDMCTRL0                          rpl_of_etx
           000061A9  _MDMCTRL1                          rpl_of_etx
           000061AA  _FREQEST                           rpl_of_etx
           000061AB  _RXCTRL                            rpl_of_etx
           000061AC  _FSCTRL                            rpl_of_etx
           000061AD  _FSCAL0                            rpl_of_etx
           000061AE  _FSCAL1                            rpl_of_etx
           000061AF  _FSCAL2                            rpl_of_etx
           000061B0  _FSCAL3                            rpl_of_etx
           000061B1  _AGCCTRL0                          rpl_of_etx
           000061B2  _AGCCTRL1                          rpl_of_etx
           000061B3  _AGCCTRL2                          rpl_of_etx
           000061B4  _AGCCTRL3                          rpl_of_etx
           000061B5  _ADCTEST0                          rpl_of_etx
           000061B6  _ADCTEST1                          rpl_of_etx
           000061B7  _ADCTEST2                          rpl_of_etx
           000061B8  _MDMTEST0                          rpl_of_etx
           000061B9  _MDMTEST1                          rpl_of_etx
ASxxxx Linker V02.00 + NoICE + sdld,  page 9.
Hexadecimal  [32-Bits]

Area                                    Addr        Size        Decimal Bytes (Attributes)
--------------------------------        ----        ----        ------- ----- ------------
.	.ABS.                             00000000    00000000 =           0. bytes (ABS,CON)

      Value  Global                              Global Defined In Module
      -----  --------------------------------   ------------------------
           000061BA  _DACTEST0                          rpl_of_etx
           000061BB  _DACTEST1                          rpl_of_etx
           000061BC  _DACTEST2                          rpl_of_etx
           000061BD  _ATEST                             rpl_of_etx
           000061BE  _PTEST0                            rpl_of_etx
           000061BF  _PTEST1                            rpl_of_etx
           000061C0  _CSPPROG0                          rpl_of_etx
           000061C1  _CSPPROG1                          rpl_of_etx
           000061C2  _CSPPROG2                          rpl_of_etx
           000061C3  _CSPPROG3                          rpl_of_etx
           000061C4  _CSPPROG4                          rpl_of_etx
           000061C5  _CSPPROG5                          rpl_of_etx
           000061C6  _CSPPROG6                          rpl_of_etx
           000061C7  _CSPPROG7                          rpl_of_etx
           000061C8  _CSPPROG8                          rpl_of_etx
           000061C9  _CSPPROG9                          rpl_of_etx
           000061CA  _CSPPROG10                         rpl_of_etx
           000061CB  _CSPPROG11                         rpl_of_etx
           000061CC  _CSPPROG12                         rpl_of_etx
           000061CD  _CSPPROG13                         rpl_of_etx
           000061CE  _CSPPROG14                         rpl_of_etx
           000061CF  _CSPPROG15                         rpl_of_etx
           000061D0  _CSPPROG16                         rpl_of_etx
           000061D1  _CSPPROG17                         rpl_of_etx
           000061D2  _CSPPROG18                         rpl_of_etx
           000061D3  _CSPPROG19                         rpl_of_etx
           000061D4  _CSPPROG20                         rpl_of_etx
           000061D5  _CSPPROG21                         rpl_of_etx
           000061D6  _CSPPROG22                         rpl_of_etx
           000061D7  _CSPPROG23                         rpl_of_etx
           000061E0  _CSPCTRL                           rpl_of_etx
           000061E1  _CSPSTAT                           rpl_of_etx
           000061E2  _CSPX                              rpl_of_etx
           000061E3  _CSPY                              rpl_of_etx
           000061E4  _CSPZ                              rpl_of_etx
           000061E5  _CSPT                              rpl_of_etx
           000061EB  _RFC_OBS_CTRL0                     rpl_of_etx
           000061EC  _RFC_OBS_CTRL1                     rpl_of_etx
           000061ED  _RFC_OBS_CTRL2                     rpl_of_etx
           000061FA  _TXFILTCFG                         rpl_of_etx
           00006200  _USBADDR                           rpl_of_etx
           00006201  _USBPOW                            rpl_of_etx
           00006202  _USBIIF                            rpl_of_etx
           00006204  _USBOIF                            rpl_of_etx
           00006206  _USBCIF                            rpl_of_etx
           00006207  _USBIIE                            rpl_of_etx
           00006209  _USBOIE                            rpl_of_etx
           0000620B  _USBCIE                            rpl_of_etx
           0000620C  _USBFRML                           rpl_of_etx
           0000620D  _USBFRMH                           rpl_of_etx
           0000620E  _USBINDEX                          rpl_of_etx
ASxxxx Linker V02.00 + NoICE + sdld,  page 10.
Hexadecimal  [32-Bits]

Area                                    Addr        Size        Decimal Bytes (Attributes)
--------------------------------        ----        ----        ------- ----- ------------
.	.ABS.                             00000000    00000000 =           0. bytes (ABS,CON)

      Value  Global                              Global Defined In Module
      -----  --------------------------------   ------------------------
           0000620F  _USBCTRL                           rpl_of_etx
           00006210  _USBMAXI                           rpl_of_etx
           00006211  _USBCS0                            rpl_of_etx
           00006211  _USBCSIL                           rpl_of_etx
           00006212  _USBCSIH                           rpl_of_etx
           00006213  _USBMAXO                           rpl_of_etx
           00006214  _USBCSOL                           rpl_of_etx
           00006215  _USBCSOH                           rpl_of_etx
           00006216  _USBCNT0                           rpl_of_etx
           00006216  _USBCNTL                           rpl_of_etx
           00006217  _USBCNTH                           rpl_of_etx
           00006220  _USBF0                             rpl_of_etx
           00006222  _USBF1                             rpl_of_etx
           00006224  _USBF2                             rpl_of_etx
           00006226  _USBF3                             rpl_of_etx
           00006228  _USBF4                             rpl_of_etx
           0000622A  _USBF5                             rpl_of_etx
           00006230  _I2CCFG                            rpl_of_etx
           00006231  _I2CSTAT                           rpl_of_etx
           00006232  _I2CDATA                           rpl_of_etx
           00006233  _I2CADDR                           rpl_of_etx
           00006234  _I2CWC                             rpl_of_etx
           00006235  _I2CIO                             rpl_of_etx
           00006243  _OBSSEL0                           rpl_of_etx
           00006244  _OBSSEL1                           rpl_of_etx
           00006245  _OBSSEL2                           rpl_of_etx
           00006246  _OBSSEL3                           rpl_of_etx
           00006247  _OBSSEL4                           rpl_of_etx
           00006248  _OBSSEL5                           rpl_of_etx
           00006249  _CHVER                             rpl_of_etx
           0000624A  _CHIPID                            rpl_of_etx
           0000624B  _TESTREG0                          rpl_of_etx
           00006260  _DBGDATA                           rpl_of_etx
           00006262  _SRCRC                             rpl_of_etx
           00006264  _BATTMON                           rpl_of_etx
           00006265  _IVCTRL                            rpl_of_etx
           00006270  _FCTL                              rpl_of_etx
           00006271  _FADDRL                            rpl_of_etx
           00006272  _FADDRH                            rpl_of_etx
           00006273  _FWDATA                            rpl_of_etx
           00006276  _CHIPINFO0                         rpl_of_etx
           00006277  _CHIPINFO1                         rpl_of_etx
           00006281  _IRCTL                             rpl_of_etx
           00006290  _CLD                               rpl_of_etx
           000062A0  _XX_T1CCTL0                        rpl_of_etx
           000062A1  _XX_T1CCTL1                        rpl_of_etx
           000062A2  _XX_T1CCTL2                        rpl_of_etx
           000062A3  _T1CCTL3                           rpl_of_etx
           000062A4  _T1CCTL4                           rpl_of_etx
           000062A6  _XX_T1CC0L                         rpl_of_etx
           000062A7  _XX_T1CC0H                         rpl_of_etx
ASxxxx Linker V02.00 + NoICE + sdld,  page 11.
Hexadecimal  [32-Bits]

Area                                    Addr        Size        Decimal Bytes (Attributes)
--------------------------------        ----        ----        ------- ----- ------------
.	.ABS.                             00000000    00000000 =           0. bytes (ABS,CON)

      Value  Global                              Global Defined In Module
      -----  --------------------------------   ------------------------
           000062A8  _XX_T1CC1L                         rpl_of_etx
           000062A9  _XX_T1CC1H                         rpl_of_etx
           000062AA  _XX_T1CC2L                         rpl_of_etx
           000062AB  _XX_T1CC2H                         rpl_of_etx
           000062AC  _T1CC3L                            rpl_of_etx
           000062AD  _T1CC3H                            rpl_of_etx
           000062AE  _T1CC4L                            rpl_of_etx
           000062AF  _T1CC4H                            rpl_of_etx
           000062B0  _STCC                              rpl_of_etx
           000062B1  _STCS                              rpl_of_etx
           000062B2  _STCV0                             rpl_of_etx
           000062B3  _STCV1                             rpl_of_etx
           000062B4  _STCV2                             rpl_of_etx
           000062C0  _OPAMPC                            rpl_of_etx
           000062C1  _OPAMPS                            rpl_of_etx
           000062D0  _CMPCTL                            rpl_of_etx
           00007080  _X_P0                              rpl_of_etx
           00007086  _X_U0CSR                           rpl_of_etx
           00007089  _X_P0IFG                           rpl_of_etx
           0000708A  _X_P1IFG                           rpl_of_etx
           0000708B  _X_P2IFG                           rpl_of_etx
           0000708C  _X_PICTL                           rpl_of_etx
           0000708D  _X_P1IEN                           rpl_of_etx
           0000708F  _X_P0INP                           rpl_of_etx
           00007090  _X_P1                              rpl_of_etx
           00007091  _X_RFIRQF1                         rpl_of_etx
           00007093  _X_MPAGE                           rpl_of_etx
           00007093  _X__XPAGE                          rpl_of_etx
           00007094  _X_T2CTRL                          rpl_of_etx
           00007095  _X_ST0                             rpl_of_etx
           00007096  _X_ST1                             rpl_of_etx
           00007097  _X_ST2                             rpl_of_etx
           0000709C  _X_T2EVTCFG                        rpl_of_etx
           0000709D  _X_SLEEPSTA                        rpl_of_etx
           0000709E  _X_CLKCONSTA                       rpl_of_etx
           0000709F  _X_FMAP                            rpl_of_etx
           0000709F  _X_PSBANK                          rpl_of_etx
           000070A0  _X_P2                              rpl_of_etx
           000070A1  _X_T2IRQF                          rpl_of_etx
           000070A2  _X_T2M0                            rpl_of_etx
           000070A3  _X_T2M1                            rpl_of_etx
           000070A4  _X_T2MOVF0                         rpl_of_etx
           000070A5  _X_T2MOVF1                         rpl_of_etx
           000070A6  _X_T2MOVF2                         rpl_of_etx
           000070A7  _X_T2IRQM                          rpl_of_etx
           000070AB  _X_P0IEN                           rpl_of_etx
           000070AC  _X_P2IEN                           rpl_of_etx
           000070AD  _X_STLOAD                          rpl_of_etx
           000070AE  _X_PMUX                            rpl_of_etx
           000070AF  _X_T1STAT                          rpl_of_etx
           000070B1  _X_ENCDI                           rpl_of_etx
ASxxxx Linker V02.00 + NoICE + sdld,  page 12.
Hexadecimal  [32-Bits]

Area                                    Addr        Size        Decimal Bytes (Attributes)
--------------------------------        ----        ----        ------- ----- ------------
.	.ABS.                             00000000    00000000 =           0. bytes (ABS,CON)

      Value  Global                              Global Defined In Module
      -----  --------------------------------   ------------------------
           000070B2  _X_ENCDO                           rpl_of_etx
           000070B3  _X_ENCCS                           rpl_of_etx
           000070B4  _X_ADCCON1                         rpl_of_etx
           000070B5  _X_ADCCON2                         rpl_of_etx
           000070B6  _X_ADCCON3                         rpl_of_etx
           000070BA  _X_ADCL                            rpl_of_etx
           000070BB  _X_ADCH                            rpl_of_etx
           000070BC  _X_RNDL                            rpl_of_etx
           000070BD  _X_RNDH                            rpl_of_etx
           000070BE  _X_SLEEPCMD                        rpl_of_etx
           000070BF  _X_RFERRF                          rpl_of_etx
           000070C1  _X_U0DBUF                          rpl_of_etx
           000070C2  _X_U0BAUD                          rpl_of_etx
           000070C3  _X_T2MSEL                          rpl_of_etx
           000070C4  _X_U0UCR                           rpl_of_etx
           000070C5  _X_U0GCR                           rpl_of_etx
           000070C6  _X_CLKCONCMD                       rpl_of_etx
           000070C7  _X_MEMCTR                          rpl_of_etx
           000070C9  _X_WDCTL                           rpl_of_etx
           000070CA  _X_T3CNT                           rpl_of_etx
           000070CB  _X_T3CTL                           rpl_of_etx
           000070CC  _X_T3CCTL0                         rpl_of_etx
           000070CD  _X_T3CC0                           rpl_of_etx
           000070CE  _X_T3CCTL1                         rpl_of_etx
           000070CF  _X_T3CC1                           rpl_of_etx
           000070D1  _X_DMAIRQ                          rpl_of_etx
           000070D2  _X_DMA1CFGL                        rpl_of_etx
           000070D3  _X_DMA1CFGH                        rpl_of_etx
           000070D4  _X_DMA0CFGL                        rpl_of_etx
           000070D5  _X_DMA0CFGH                        rpl_of_etx
           000070D6  _X_DMAARM                          rpl_of_etx
           000070D7  _X_DMAREQ                          rpl_of_etx
           000070D8  _X_TIMIF                           rpl_of_etx
           000070D9  _X_RFD                             rpl_of_etx
           000070DA  _X_T1CC0L                          rpl_of_etx
           000070DB  _X_T1CC0H                          rpl_of_etx
           000070DC  _X_T1CC1L                          rpl_of_etx
           000070DD  _X_T1CC1H                          rpl_of_etx
           000070DE  _X_T1CC2L                          rpl_of_etx
           000070DF  _X_T1CC2H                          rpl_of_etx
           000070E1  _X_RFST                            rpl_of_etx
           000070E2  _X_T1CNTL                          rpl_of_etx
           000070E3  _X_T1CNTH                          rpl_of_etx
           000070E4  _X_T1CTL                           rpl_of_etx
           000070E5  _X_T1CCTL0                         rpl_of_etx
           000070E6  _X_T1CCTL1                         rpl_of_etx
           000070E7  _X_T1CCTL2                         rpl_of_etx
           000070E9  _X_RFIRQF0                         rpl_of_etx
           000070EA  _X_T4CNT                           rpl_of_etx
           000070EB  _X_T4CTL                           rpl_of_etx
           000070EC  _X_T4CCTL0                         rpl_of_etx
ASxxxx Linker V02.00 + NoICE + sdld,  page 13.
Hexadecimal  [32-Bits]

Area                                    Addr        Size        Decimal Bytes (Attributes)
--------------------------------        ----        ----        ------- ----- ------------
.	.ABS.                             00000000    00000000 =           0. bytes (ABS,CON)

      Value  Global                              Global Defined In Module
      -----  --------------------------------   ------------------------
           000070ED  _X_T4CC0                           rpl_of_etx
           000070EE  _X_T4CCTL1                         rpl_of_etx
           000070EF  _X_T4CC1                           rpl_of_etx
           000070F1  _X_PERCFG                          rpl_of_etx
           000070F2  _X_APCFG                           rpl_of_etx
           000070F3  _X_P0SEL                           rpl_of_etx
           000070F4  _X_P1SEL                           rpl_of_etx
           000070F5  _X_P2SEL                           rpl_of_etx
           000070F6  _X_P1INP                           rpl_of_etx
           000070F7  _X_P2INP                           rpl_of_etx
           000070F8  _X_U1CSR                           rpl_of_etx
           000070F9  _X_U1DBUF                          rpl_of_etx
           000070FA  _X_U1BAUD                          rpl_of_etx
           000070FB  _X_U1UCR                           rpl_of_etx
           000070FC  _X_U1GCR                           rpl_of_etx
           000070FD  _X_P0DIR                           rpl_of_etx
           000070FE  _X_P1DIR                           rpl_of_etx
           000070FF  _X_P2DIR                           rpl_of_etx
           00007800  _X_INFOPAGE                        rpl_of_etx
           0000780C  _X_IEEE_ADDR                       rpl_of_etx

ASxxxx Linker V02.00 + NoICE + sdld,  page 14.
Hexadecimal  [32-Bits]

Area                                    Addr        Size        Decimal Bytes (Attributes)
--------------------------------        ----        ----        ------- ----- ------------
REG_BANK_0                          00000000    00000008 =           8. bytes (REL,OVR)

      Value  Global                              Global Defined In Module
      -----  --------------------------------   ------------------------
ASxxxx Linker V02.00 + NoICE + sdld,  page 15.
Hexadecimal  [32-Bits]

Area                                    Addr        Size        Decimal Bytes (Attributes)
--------------------------------        ----        ----        ------- ----- ------------
BIT_BANK                            00000020    00000001 =           1. bytes (REL,OVR)

      Value  Global                              Global Defined In Module
      -----  --------------------------------   ------------------------
ASxxxx Linker V02.00 + NoICE + sdld,  page 16.
Hexadecimal  [32-Bits]

Area                                    Addr        Size        Decimal Bytes (Attributes)
--------------------------------        ----        ----        ------- ----- ------------
DSEG                                00000000    00000074 =         116. bytes (REL,CON)

      Value  Global                              Global Defined In Module
      -----  --------------------------------   ------------------------
           00000013  _bp                                _bp

ASxxxx Linker V02.00 + NoICE + sdld,  page 17.
Hexadecimal  [32-Bits]

Area                                    Addr        Size        Decimal Bytes (Attributes)
--------------------------------        ----        ----        ------- ----- ------------
SSEG                                00000021    000000DF =         223. bytes (REL,OVR)

      Value  Global                              Global Defined In Module
      -----  --------------------------------   ------------------------
           00000021  __start__stack                     contiki_main

ASxxxx Linker V02.00 + NoICE + sdld,  page 18.
Hexadecimal  [32-Bits]

Area                                    Addr        Size        Decimal Bytes (Attributes)
--------------------------------        ----        ----        ------- ----- ------------
XSEG                                00000000    00001D95 =        7573. bytes (REL,CON,XDATA)

      Value  Global                              Global Defined In Module
      -----  --------------------------------   ------------------------
     0D:   00000004  _output_buf                        main
     0D:   00000232  _tcpip_event                       tcpip
     0D:   0000024C  _uip_ds6_timer_periodic            uip_ds6
     0D:   00000256  _uip_ds6_timer_ra                  uip_ds6
     0D:   0000025E  _uip_ds6_if                        uip_ds6
     0D:   0000033B  _uip_ds6_nbr_cache                 uip_ds6
     0D:   000003F3  _uip_ds6_prefix_list               uip_ds6
     0D:   00000447  _uip_ds6_addr_size                 uip_ds6
     0D:   00000448  _uip_ds6_netif_addr_list_offset    uip_ds6
     0D:   000005C6  _g_seq_num                         crypto
     0D:   0000064F  _serial_line_event_message         serial_line
     0D:   000006EC  _sensors_event                     sensors
     0D:   000006F2  _uip_lladdr                        uip6
     0D:   000006FA  _uip_next_hdr                      uip6
     0D:   000006FD  _uip_aligned_buf                   uip6
     0D:   0000084D  _uip_appdata                       uip6
     0D:   00000850  _uip_sappdata                      uip6
     0D:   00000853  _uip_len                           uip6
     0D:   00000855  _uip_slen                          uip6
     0D:   00000857  _uip_flags                         uip6
     0D:   00000858  _uip_conn                          uip6
     0D:   0000085E  _uip_udp_conn                      uip6
     0D:   00000861  _uip_udp_conns                     uip6
     0D:   00000F3D  _g_device                          device
     0D:   00000F4C  _packetbuf_attrs                   packetbuf
     0D:   00000F7C  _packetbuf_addrs                   packetbuf
     0D:   00001056  __sdcc_heap                        _heap
     0D:   00001456  _sensors_flags                     smartrf_sensors
     0D:   0000145D  _sleep_flag                        clock
     0D:   000016D6  _instance_table                    rpl_dag
     0D:   0000179B  _default_instance                  rpl_dag
     0D:   000018B4  _g_object_devinfo                  device_profile
     0D:   000018CA  _g_resource_name                   device_profile
     0D:   000018E1  _g_object_temp                     device_profile
     0D:   000018F7  _g_resource_sensor_value           device_profile
     0D:   0000190E  _g_resource_units                  device_profile
     0D:   000019D7  _rimeaddr_node_addr                rimeaddr
     0D:   00001AC3  _rimestats                         rimestats
     0D:   00001D03  _frag_sender                       sicslowpan
ASxxxx Linker V02.00 + NoICE + sdld,  page 19.
Hexadecimal  [32-Bits]

Area                                    Addr        Size        Decimal Bytes (Attributes)
--------------------------------        ----        ----        ------- ----- ------------
XISEG                               00001D99    00000137 =         311. bytes (REL,CON,XDATA)

      Value  Global                              Global Defined In Module
      -----  --------------------------------   ------------------------
     0D:   00001D99  _auth_success                      main
     0D:   00001D9A  _reg_success                       main
     0D:   00001D9B  _get_global_addr_success           main
     0D:   00001D9C  _coconut_sensor_process            main
     0D:   00001DA6  _process_list                      process
     0D:   00001DA9  _process_current                   process
     0D:   00001DAC  _tcpip_process                     tcpip
     0D:   00001DC0  _etimer_process                    etimer
     0D:   00001DF0  _serial_line_process               serial_line
     0D:   00001DFA  _sensors_process                   sensors
     0D:   00001E04  _uip_ext_bitmap                    uip6
     0D:   00001E05  _uip_ext_len                       uip6
     0D:   00001E06  _uip_ext_opt_offset                uip6
     0D:   00001E25  _viztool_process                   viztool
     0D:   00001E32  __sdcc_first_memheader             _malloc
     0D:   00001E34  _sensors                           smartrf_sensors
     0D:   00001E3D  _attr_etx                          neighbor_info
     0D:   00001E48  _attr_timestamp                    neighbor_info
     0D:   00001E75  _resource_types                    ipso_resource
     0D:   00001E81  _resource_types_count              ipso_resource
     0D:   00001E8A  _ctimer_process                    ctimer
     0D:   00001EBB  _rpl_of_etx                        rpl_of_etx

ASxxxx Linker V02.00 + NoICE + sdld,  page 20.
Hexadecimal  [32-Bits]

Area                                    Addr        Size        Decimal Bytes (Attributes)
--------------------------------        ----        ----        ------- ----- ------------
HOME                                00000000    00003C3B =       15419. bytes (REL,CON,CODE)

      Value  Global                              Global Defined In Module
      -----  --------------------------------   ------------------------
     0C:   0000006E  __sdcc_program_startup             contiki_main
     0C:   000001AE  _main                              contiki_main
     0C:   00000633  _port_0_isr                        button_sensor
     0C:   000006C2  _uart0_set_input                   uart_intr
     0C:   000006D5  __sdcc_banked_call                 
     0C:   000006E7  __sdcc_banked_ret                  
     0C:   000006EA  _uip_udp_packet_send               uip_udp_packet
     0C:   00000781  _uip_udp_packet_sendto             uip_udp_packet
     0C:   000008FE  _clock_delay_usec                  clock
     0C:   0000091D  _clock_wait                        clock
     0C:   00000964  _clock_time                        clock
     0C:   0000096D  _clock_seconds                     clock
     0C:   0000097F  _clock_init                        clock
     0C:   00000A4C  _clock_isr                         clock
     0C:   00000B5B  _rtimer_arch_init                  rtimer_arch
     0C:   00000B6B  _rtimer_arch_schedule              rtimer_arch
     0C:   00000B86  _rtimer_isr                        rtimer_arch
     0C:   00000BDD  ___gptr_cmp                        
     0C:   00000C0B  _rime_sniffer_add                  sicslowpan
     0C:   00000C1E  _rime_sniffer_remove               sicslowpan
     0C:   00000D3E  _dummy                             sicslowpan
     0C:   00003C12  _sicslowpan_init                   sicslowpan

ASxxxx Linker V02.00 + NoICE + sdld,  page 21.
Hexadecimal  [32-Bits]

Area                                    Addr        Size        Decimal Bytes (Attributes)
--------------------------------        ----        ----        ------- ----- ------------
GSINIT0                             00003C3B    00000003 =           3. bytes (REL,CON,CODE)

      Value  Global                              Global Defined In Module
      -----  --------------------------------   ------------------------
     0C:   00003C3B  __sdcc_gsinit_startup              

ASxxxx Linker V02.00 + NoICE + sdld,  page 22.
Hexadecimal  [32-Bits]

Area                                    Addr        Size        Decimal Bytes (Attributes)
--------------------------------        ----        ----        ------- ----- ------------
GSINIT2                             00003C3E    0000000A =          10. bytes (REL,CON,CODE)

      Value  Global                              Global Defined In Module
      -----  --------------------------------   ------------------------
ASxxxx Linker V02.00 + NoICE + sdld,  page 23.
Hexadecimal  [32-Bits]

Area                                    Addr        Size        Decimal Bytes (Attributes)
--------------------------------        ----        ----        ------- ----- ------------
GSINIT3                             00003C48    00000022 =          34. bytes (REL,CON,CODE)

      Value  Global                              Global Defined In Module
      -----  --------------------------------   ------------------------
     0C:   00003C48  __mcs51_genXINIT                   

ASxxxx Linker V02.00 + NoICE + sdld,  page 24.
Hexadecimal  [32-Bits]

Area                                    Addr        Size        Decimal Bytes (Attributes)
--------------------------------        ----        ----        ------- ----- ------------
GSINIT4                             00003C6A    0000002A =          42. bytes (REL,CON,CODE)

      Value  Global                              Global Defined In Module
      -----  --------------------------------   ------------------------
     0C:   00003C6A  __mcs51_genRAMCLEAR                
     0C:   00003C70  __mcs51_genXRAMCLEAR               

ASxxxx Linker V02.00 + NoICE + sdld,  page 25.
Hexadecimal  [32-Bits]

Area                                    Addr        Size        Decimal Bytes (Attributes)
--------------------------------        ----        ----        ------- ----- ------------
GSINIT                              00003C94    00000048 =          72. bytes (REL,CON,CODE)

      Value  Global                              Global Defined In Module
      -----  --------------------------------   ------------------------
ASxxxx Linker V02.00 + NoICE + sdld,  page 26.
Hexadecimal  [32-Bits]

Area                                    Addr        Size        Decimal Bytes (Attributes)
--------------------------------        ----        ----        ------- ----- ------------
GSFINAL                             00003CDC    00000003 =           3. bytes (REL,CON,CODE)

      Value  Global                              Global Defined In Module
      -----  --------------------------------   ------------------------
ASxxxx Linker V02.00 + NoICE + sdld,  page 27.
Hexadecimal  [32-Bits]

Area                                    Addr        Size        Decimal Bytes (Attributes)
--------------------------------        ----        ----        ------- ----- ------------
CSEG                                00003CDF    00003B26 =       15142. bytes (REL,CON,CODE)

      Value  Global                              Global Defined In Module
      -----  --------------------------------   ------------------------
     0C:   00003CDF  _strcpy                            _strcpy
     0C:   00003D4D  ___fsgt                            _fsgt
     0C:   00003D7D  __gptrput                          _gptrput
     0C:   00003D96  _memmove                           _memmove
     0C:   00003F2B  ___fslt                            _fslt
     0C:   00003FAF  _malloc                            _malloc
     0C:   00004108  __mulint                           _mulint
     0C:   000041C5  _memcmp                            _memcmp
     0C:   000042BA  ___fsadd                           _fsadd
     0C:   000042BD  fsadd_direct_entry                 _fsadd
     0C:   00004313  fs_compare_uint32                  _fscmp
     0C:   00004331  fs_check_negative_zeros            _fscmp
     0C:   0000435C  __modulong                         _modulong
     0C:   00004491  _vsprintf                          sprintf
     0C:   000044FB  _sprintf                           sprintf
     0C:   0000455F  _strncmp                           _strncmp
     0C:   00004627  ___sint2fs                         _sint2fs
     0C:   00004634  ___fs2sint                         _fs2sint
     0C:   00004668  __divulong                         _divulong
     0C:   000046F7  _isupper                           _isupper
     0C:   0000470E  _memset                            _memset
     0C:   0000477A  _memcpy                            _memcpy
     0C:   0000480F  fs_round_and_return                _fsreturnval
     0C:   00004827  fs_zerocheck_return                _fsreturnval
     0C:   00004830  fs_return_zero                     _fsreturnval
     0C:   00004838  fs_direct_return                   _fsreturnval
     0C:   00004846  fs_return_inf                      _fsreturnval
     0C:   00004853  fs_return_nan                      _fsreturnval
     0C:   0000485E  _strncpy                           _strncpy
     0C:   0000492A  _vprintf                           vprintf
     0C:   0000496C  _printf                            vprintf
     0C:   000049B1  fs_swap_a_b                        _fsswapargs
     0C:   000049CB  _strchr                            _strchr
     0C:   00004A1A  _strlen                            _strlen
     0C:   00004A34  _strcmp                            _strcmp
     0C:   00004AC9  ___fs2schar                        _fs2schar
     0C:   00004B06  ___fsdiv                           _fsdiv
     0C:   00004BC9  __gptrget                          _gptrget
     0C:   00004BE5  __mullong                          _mullong
     0C:   00004DC1  ___slong2fs                        _slong2fs
     0C:   00004DCA  slong2fs_doit                      _slong2fs
     0C:   00004DEE  __moduint                          _moduint
     0C:   00004E70  __divsint                          _divsint
     0C:   00004EFD  ___fssub                           _fssub
     0C:   00004F08  __divuint                          _divuint
     0C:   00004F5A  ___fsmul                           _fsmul
     0C:   00004FFD  fsgetargs                          _fsget2args
     0C:   0000502B  fs_rshift_a                        _fsrshift
     0C:   0000506E  fs_normalize_a                     _fsnormalize
     0C:   00005097  ___fs2slong                        _fs2slong
ASxxxx Linker V02.00 + NoICE + sdld,  page 28.
Hexadecimal  [32-Bits]

Area                                    Addr        Size        Decimal Bytes (Attributes)
--------------------------------        ----        ----        ------- ----- ------------
CSEG                                00003CDF    00003B26 =       15142. bytes (REL,CON,CODE)

      Value  Global                              Global Defined In Module
      -----  --------------------------------   ------------------------
     0C:   000050F2  _RtcRead                           time
     0C:   000050F8  _time                              time
     0C:   000052A8  _asctime                           time
     0C:   00005442  _ctime                             time
     0C:   0000545D  _localtime                         time
     0C:   0000546F  _gmtime                            time
     0C:   00005750  _mktime                            time
     0C:   00005A78  __sdcc_external_startup            _startup
     0C:   00005A7C  fsgetarg                           _fsget1arg
     0C:   000067DA  __print_format                     printf_large
     0C:   00007638  __divslong                         _divslong
     0C:   00007746  __modsint                          _modsint
     0C:   000077CB  ___fs2ulong                        _fs2ulong
     0C:   000077CD  fs2ulong_begin                     _fs2ulong
     0C:   000077F2  ___ulong2fs                        _ulong2fs
     0C:   000077FB  ulong2fs_doit                      _ulong2fs
ASxxxx Linker V02.00 + NoICE + sdld,  page 29.
Hexadecimal  [32-Bits]

Area                                    Addr        Size        Decimal Bytes (Attributes)
--------------------------------        ----        ----        ------- ----- ------------
CONST                               00007805    000006C1 =        1729. bytes (REL,CON,CODE)

      Value  Global                              Global Defined In Module
      -----  --------------------------------   ------------------------
     0C:   00007850  _autostart_processes               main
     0C:   00007A0E  _adc_sensor                        adc_sensor
     0C:   00007A1E  _button_1_sensor                   button_sensor
     0C:   00007AC9  _cc2530_rf_driver                  cc2530_rf
     0C:   00007BAC  __sdcc_heap_size                   _heap
     0C:   00007BAE  _data_PWD                          device_fs
     0C:   00007BC3  _data_EN_PWD                       device_fs
     0C:   00007CCB  _file_PWD                          device_fs
     0C:   00007CD8  _file_EN_PWD                       device_fs
     0C:   00007D2B  _rimeaddr_null                     rimeaddr
     0C:   00007D37  _csma_driver                       csma
     0C:   00007DDD  _nullrdc_driver                    nullrdc
     0C:   00007DFD  _unc_llconf                        sicslowpan
     0C:   00007E01  _unc_ctxconf                       sicslowpan
     0C:   00007E05  _unc_mxconf                        sicslowpan
     0C:   00007E09  _llprefix                          sicslowpan
     0C:   00007E0F  _sicslowpan_driver                 sicslowpan
     0C:   00007E2F  ___month                           time
     0C:   00007E47  ___day                             time
     0C:   00007EC0  _framer_802154                     framer_802154

ASxxxx Linker V02.00 + NoICE + sdld,  page 30.
Hexadecimal  [32-Bits]

Area                                    Addr        Size        Decimal Bytes (Attributes)
--------------------------------        ----        ----        ------- ----- ------------
XINIT                               00007EC6    00000137 =         311. bytes (REL,CON,CODE)

      Value  Global                              Global Defined In Module
      -----  --------------------------------   ------------------------
ASxxxx Linker V02.00 + NoICE + sdld,  page 31.
Hexadecimal  [32-Bits]

Area                                    Addr        Size        Decimal Bytes (Attributes)
--------------------------------        ----        ----        ------- ----- ------------
BANK2                               00028000    00007FFF =       32767. bytes (REL,CON,CODE)

      Value  Global                              Global Defined In Module
      -----  --------------------------------   ------------------------
     0C:   000280AA  _send_msg                          main
     0C:   00028113  _send_msg_to_gateway               main
     0C:   0002A13C  _cJSON_GetErrorPtr                 cJSON
     0C:   0002A4C9  _cJSON_Delete                      cJSON
     0C:   0002B7BB  _cJSON_ParseWithOpts               cJSON
     0C:   0002B90B  _cJSON_Parse                       cJSON
     0C:   0002B941  _cJSON_Print                       cJSON
     0C:   0002B977  _cJSON_PrintUnformatted            cJSON
     0C:   0002D4C6  _cJSON_GetArraySize                cJSON
     0C:   0002D511  _cJSON_GetArrayItem                cJSON
     0C:   0002D573  _cJSON_GetObjectItem               cJSON
     0C:   0002D76A  _cJSON_AddItemToArray              cJSON
     0C:   0002D804  _cJSON_AddItemToObject             cJSON
     0C:   0002D8A6  _cJSON_AddItemReferenceToArray     cJSON
     0C:   0002D8F2  _cJSON_AddItemReferenceToObject    cJSON
     0C:   0002D94E  _cJSON_DetachItemFromArray         cJSON
     0C:   0002DB47  _cJSON_DeleteItemFromArray         cJSON
     0C:   0002DB84  _cJSON_DetachItemFromObject        cJSON
     0C:   0002DC6E  _cJSON_DeleteItemFromObject        cJSON
     0C:   0002DCB1  _cJSON_ReplaceItemInArray          cJSON
     0C:   0002DF25  _cJSON_ReplaceItemInObject         cJSON
     0C:   0002E073  _cJSON_CreateNull                  cJSON
     0C:   0002E0A8  _cJSON_CreateTrue                  cJSON
     0C:   0002E0DD  _cJSON_CreateFalse                 cJSON
     0C:   0002E111  _cJSON_CreateBool                  cJSON
     0C:   0002E188  _cJSON_CreateNumber                cJSON
     0C:   0002E263  _cJSON_CreateString                cJSON
     0C:   0002E314  _cJSON_CreateArray                 cJSON
     0C:   0002E349  _cJSON_CreateObject                cJSON
     0C:   0002E37E  _cJSON_CreateIntArray              cJSON
     0C:   0002E4CF  _cJSON_CreateFloatArray            cJSON
     0C:   0002E62C  _cJSON_CreateDoubleArray           cJSON
     0C:   0002E789  _cJSON_CreateStringArray           cJSON
     0C:   0002E8D8  _cJSON_Duplicate                   cJSON
     0C:   0002EC8F  _cJSON_Minify                      cJSON
     0C:   0002EE97  _energest_type_set                 energest
     0C:   0002EE9A  _energest_init                     energest
     0C:   0002EE9D  _energest_type_time                energest
     0C:   0002EEA6  _energest_flush                    energest
     0C:   0002EEA9  _rimeaddr_copy                     rimeaddr
     0C:   0002EF03  _rimeaddr_cmp                      rimeaddr
     0C:   0002EF6C  _rimeaddr_set_node_addr            rimeaddr
     0C:   0002FFF4  _soc_init                          soc

ASxxxx Linker V02.00 + NoICE + sdld,  page 32.
Hexadecimal  [32-Bits]

Area                                    Addr        Size        Decimal Bytes (Attributes)
--------------------------------        ----        ----        ------- ----- ------------
BANK4                               00048000    00007FDD =       32733. bytes (REL,CON,CODE)

      Value  Global                              Global Defined In Module
      -----  --------------------------------   ------------------------
     0C:   00048000  _process_alloc_event               process
     0C:   0004800F  _process_start                     process
     0C:   000485BD  _process_exit                      process
     0C:   000485E9  _process_init                      process
     0C:   00048851  _process_run                       process
     0C:   00048884  _process_nevents                   process
     0C:   0004889E  _process_post                      process
     0C:   0004890B  _process_post_synch                process
     0C:   00048963  _process_poll                      process
     0C:   000489A3  _process_is_running                process
     0C:   000489CF  _tcpip_output                      tcpip
     0C:   00048A0D  _tcpip_set_outputfunc              tcpip
     0C:   00048AB4  _udp_attach                        tcpip
     0C:   00048B05  _udp_new                           tcpip
     0C:   00048BB7  _udp_broadcast_new                 tcpip
     0C:   00048E11  _tcpip_input                       tcpip
     0C:   00048E28  _tcpip_ipv6_output                 tcpip
     0C:   00049273  _tcpip_poll_udp                    tcpip
     0C:   0004929B  _tcpip_uipcall                     tcpip
     0C:   00049A70  _etimer_request_poll               etimer
     0C:   00049BAC  _etimer_set                        etimer
     0C:   00049BEF  _etimer_reset                      etimer
     0C:   00049C1C  _etimer_restart                    etimer
     0C:   00049C49  _etimer_adjust                     etimer
     0C:   00049C9B  _etimer_expired                    etimer
     0C:   00049CE7  _etimer_expiration_time            etimer
     0C:   00049D19  _etimer_start_time                 etimer
     0C:   00049D2B  _etimer_pending                    etimer
     0C:   00049D65  _etimer_next_expiration_time       etimer
     0C:   00049D8C  _etimer_stop                       etimer
     0C:   00049EE6  _get_password                      crypto
     0C:   00049F69  _get_password_encrypted_by_publi   crypto
     0C:   00049FEC  _get_network_shared_key            crypto
     0C:   00049FF5  _set_network_shared_key            crypto
     0C:   0004A03D  _encrypt_data_by_network_shared_   crypto
     0C:   0004A0D6  _decrypt_data_by_network_shared_   crypto
     0C:   0004A2B5  _get_master_key                    crypto
     0C:   0004A2BE  _decrypt_data_by_master_key        crypto
     0C:   0004A3CA  _create_security_client_hello_ms   crypto
     0C:   0004A69B  _create_security_data_msg          crypto
     0C:   0004A79F  _crypto_init                       crypto
     0C:   0004A7B6  _list_init                         list
     0C:   0004A7CD  _list_head                         list
     0C:   0004A7E4  _list_copy                         list
     0C:   0004A822  _list_tail                         list
     0C:   0004A87A  _list_add                          list
     0C:   0004A938  _list_push                         list
     0C:   0004A9CF  _list_chop                         list
     0C:   0004AB19  _list_pop                          list
     0C:   0004AB86  _list_remove                       list
ASxxxx Linker V02.00 + NoICE + sdld,  page 33.
Hexadecimal  [32-Bits]

Area                                    Addr        Size        Decimal Bytes (Attributes)
--------------------------------        ----        ----        ------- ----- ------------
BANK4                               00048000    00007FDD =       32733. bytes (REL,CON,CODE)

      Value  Global                              Global Defined In Module
      -----  --------------------------------   ------------------------
     0C:   0004ACE4  _list_length                       list
     0C:   0004AD32  _list_insert                       list
     0C:   0004ADE7  _list_item_next                    list
     0C:   0004AE1C  _rpl_purge_routes                  rpl
     0C:   0004AFBD  _rpl_remove_routes                 rpl
     0C:   0004B089  _rpl_remove_routes_by_nexthop      rpl
     0C:   0004B1C1  _rpl_add_route                     rpl
     0C:   0004B5C2  _rpl_ipv6_neighbor_callback        rpl
     0C:   0004B6B2  _rpl_init                          rpl
     0C:   0004B7F0  _sensors_first                     sensors
     0C:   0004B804  _sensors_next                      sensors
     0C:   0004B846  _sensors_changed                   sensors
     0C:   0004B87C  _sensors_find                      sensors
     0C:   0004BC39  _queuebuf_init                     queuebuf
     0C:   0004BC69  _queuebuf_new_from_packetbuf       queuebuf
     0C:   0004BE85  _queuebuf_update_attr_from_packe   queuebuf
     0C:   0004BEC2  _queuebuf_free                     queuebuf
     0C:   0004BFAE  _queuebuf_to_packetbuf             queuebuf
     0C:   0004C1D6  _queuebuf_dataptr                  queuebuf
     0C:   0004C296  _queuebuf_datalen                  queuebuf
     0C:   0004C2B1  _queuebuf_addr                     queuebuf
     0C:   0004C2E2  _queuebuf_attr                     queuebuf
     0C:   0004C31C  _queuebuf_debug_print              queuebuf
     0C:   0004D254  _rpl_reset_periodic_timer          rpl_timers
     0C:   0004D2EA  _rpl_reset_dio_timer               rpl_timers
     0C:   0004D49B  _rpl_schedule_dao                  rpl_timers
     0C:   0004D579  _uip_icmp6_echo_request_input      uip_icmp6
     0C:   0004D955  _uip_icmp6_error_output            uip_icmp6
     0C:   0004DD6F  _uip_icmp6_send                    uip_icmp6
     0C:   0004E24F  _ctimer_init                       ctimer
     0C:   0004E28D  _ctimer_set                        ctimer
     0C:   0004E414  _ctimer_reset                      ctimer
     0C:   0004E4E1  _ctimer_restart                    ctimer
     0C:   0004E5AE  _ctimer_stop                       ctimer
     0C:   0004E671  _ctimer_expired                    ctimer
     0C:   0004E71B  _rpl_verify_header                 rpl_ext_header
     0C:   0004EAF0  _rpl_update_header_empty           rpl_ext_header
     0C:   0004ED16  _rpl_update_header_final           rpl_ext_header
     0C:   0004EF3C  _rpl_remove_header                 rpl_ext_header
     0C:   0004F059  _rpl_invert_header                 rpl_ext_header
ASxxxx Linker V02.00 + NoICE + sdld,  page 34.
Hexadecimal  [32-Bits]

Area                                    Addr        Size        Decimal Bytes (Attributes)
--------------------------------        ----        ----        ------- ----- ------------
BANK5                               00058000    00003C18 =       15384. bytes (REL,CON,CODE)

      Value  Global                              Global Defined In Module
      -----  --------------------------------   ------------------------
     0C:   00058073  _subscribers_mem_pool_init         subscriber
     0C:   00058085  _subscriber_alloc                  subscriber
     0C:   000580AF  _subscriber_free                   subscriber
     0C:   000580D3  _subscriber_value_compare_type_i   subscriber
     0C:   000581EF  _subscriber_report_type_init       subscriber
     0C:   000582A9  _stimer_set                        stimer
     0C:   00058317  _stimer_reset                      stimer
     0C:   000583AF  _stimer_restart                    stimer
     0C:   000583ED  _stimer_expired                    stimer
     0C:   000584BB  _stimer_remaining                  stimer
     0C:   00058536  _stimer_elapsed                    stimer
     0C:   000585A0  _leds_init                         leds
     0C:   000585B5  _leds_blink                        leds
     0C:   000585EC  _leds_get                          leds
     0C:   000585FA  _leds_on                           leds
     0C:   0005861A  _leds_off                          leds
     0C:   00058639  _leds_toggle                       leds
     0C:   00058645  _leds_invert                       leds
     0C:   0005865B  _watchdog_init                     watchdog
     0C:   00058661  _watchdog_start                    watchdog
     0C:   00058667  _watchdog_periodic                 watchdog
     0C:   0005867A  _watchdog_reboot                   watchdog
     0C:   00058689  _rtimer_init                       rtimer
     0C:   00058695  _rtimer_set                        rtimer
     0C:   0005874C  _rtimer_run_next                   rtimer
     0C:   00058827  _serial_line_input_byte            serial_line
     0C:   00058A5A  _serial_line_init                  serial_line
     0C:   00058A9D  _cc2530_rf_channel_set             cc2530_rf
     0C:   00058ADA  _cc2530_rf_power_set               cc2530_rf
     0C:   00058AEA  _cc2530_rf_set_addr                cc2530_rf
     0C:   00058FC5  _putstring                         debug
     0C:   00058FF8  _puthex                            debug
     0C:   00059026  _putbin                            debug
     0C:   0005905B  _putdec                            debug
     0C:   000590A8  _netstack_init                     netstack
     0C:   0005914F  _timer_set                         timer
     0C:   0005919E  _timer_reset                       timer
     0C:   000591DD  _timer_restart                     timer
     0C:   0005920E  _timer_expired                     timer
     0C:   00059279  _timer_remaining                   timer
     0C:   000592C7  _object_instance_init              object
     0C:   000593D3  _object_instance_insert_resource   object
     0C:   00059595  _object_instance_find_resource     object
     0C:   0005964C  _object_add_subscriber             object
     0C:   00059711  _object_remove_subscriber          object
     0C:   00059896  _memb_init                         memb
     0C:   00059998  _memb_alloc                        memb
     0C:   00059AE9  _memb_free                         memb
     0C:   00059C33  _memb_inmemb                       memb
     0C:   00059D56  _autostart_start                   autostart
ASxxxx Linker V02.00 + NoICE + sdld,  page 35.
Hexadecimal  [32-Bits]

Area                                    Addr        Size        Decimal Bytes (Attributes)
--------------------------------        ----        ----        ------- ----- ------------
BANK5                               00058000    00003C18 =       15384. bytes (REL,CON,CODE)

      Value  Global                              Global Defined In Module
      -----  --------------------------------   ------------------------
     0C:   00059E26  _autostart_exit                    autostart
     0C:   00059EE8  _device_init                       device
[...]
     0C:   0003A99A  _uip_ds6_defrt_choose              uip_ds6_route
     0C:   0003AAAC  _uip_ds6_defrt_periodic            uip_ds6_route
     0C:   0003AC93  _uip_chksum                        uip6
     0C:   0003ACD5  _uip_ipchksum                      uip6
     0C:   0003AE16  _uip_icmp6chksum                   uip6
     0C:   0003AE29  _uip_udpchksum                     uip6
     0C:   0003AE3C  _uip_init                          uip6
     0C:   0003AE82  _remove_ext_hdr                    uip6
     0C:   0003AF46  _uip_udp_new                       uip6
     0C:   0003B34D  _uip_process                       uip6
     0C:   0003C101  _uip_htons                         uip6
     0C:   0003C11A  _uip_htonl                         uip6
ASxxxx Linker V02.00 + NoICE + sdld,  page 37.
Hexadecimal  [32-Bits]

Area                                    Addr        Size        Decimal Bytes (Attributes)
--------------------------------        ----        ----        ------- ----- ------------
BANK3                               00038000    00007FF3 =       32755. bytes (REL,CON,CODE)

      Value  Global                              Global Defined In Module
      -----  --------------------------------   ------------------------
     0C:   0003C166  _uip_send                          uip6
     0C:   0003C2E3  _uip_nd6_ns_input                  uip_nd6
     0C:   0003CAE2  _uip_nd6_ns_output                 uip_nd6
     0C:   0003CFB9  _uip_nd6_na_input                  uip_nd6
     0C:   0003D633  _putchar                           putchar
     0C:   0003D63F  _uart0_init                        uart0
     0C:   0003D66C  _uart0_writeb                      uart0
     0C:   0003D762  _neighbor_attr_list_neighbors      neighbor_attr
     0C:   0003D917  _neighbor_attr_register            neighbor_attr
     0C:   0003D9ED  _neighbor_attr_has_neighbor        neighbor_attr
     0C:   0003DA2B  _neighbor_attr_add_neighbor        neighbor_attr
     0C:   0003DC64  _neighbor_attr_remove_neighbor     neighbor_attr
     0C:   0003DCF8  _neighbor_attr_get_data            neighbor_attr
     0C:   0003DDCA  _neighbor_attr_set_data            neighbor_attr
     0C:   0003DF4C  _neighbor_attr_tick                neighbor_attr
     0C:   0003DF78  _neighbor_attr_get_timeout         neighbor_attr
     0C:   0003E141  _neighbor_attr_set_timeout         neighbor_attr
     0C:   0003E1D2  _build_msg_header                  message
     0C:   0003E2DB  _build_msg                         message
     0C:   0003E4A0  _create_report_msg                 message
     0C:   0003E7F3  _create_new_device_msg             message
     0C:   0003ECB0  _create_get_config_msg             message
     0C:   0003ECE9  _create_log_msg                    message
     0C:   0003ED99  _create_subscribe_msg              message
     0C:   0003EE33  _create_unsubscribe_msg            message
     0C:   0003F504  _frame802154_hdrlen                frame802154
     0C:   0003F550  _frame802154_create                frame802154
     0C:   0003F990  _frame802154_parse                 frame802154
ASxxxx Linker V02.00 + NoICE + sdld,  page 38.
Hexadecimal  [32-Bits]

Area                                    Addr        Size        Decimal Bytes (Attributes)
--------------------------------        ----        ----        ------- ----- ------------
BANK1                               00018000    00007FF9 =       32761. bytes (REL,CON,CODE)

      Value  Global                              Global Defined In Module
      -----  --------------------------------   ------------------------
     0C:   00018000  _packetbuf_clear                   packetbuf
     0C:   00018039  _packetbuf_clear_hdr               packetbuf
     0C:   00018042  _packetbuf_copyfrom                packetbuf
     0C:   000180C0  _packetbuf_compact                 packetbuf
     0C:   00018204  _packetbuf_copyto_hdr              packetbuf
     0C:   00018285  _packetbuf_copyto                  packetbuf
     0C:   000183A6  _packetbuf_hdralloc                packetbuf
     0C:   000183FE  _packetbuf_hdr_remove              packetbuf
     0C:   0001840E  _packetbuf_hdrreduce               packetbuf
     0C:   00018449  _packetbuf_set_datalen             packetbuf
     0C:   00018457  _packetbuf_dataptr                 packetbuf
     0C:   00018484  _packetbuf_hdrptr                  packetbuf
     0C:   000184A3  _packetbuf_reference               packetbuf
     0C:   000184DA  _packetbuf_is_reference            packetbuf
     0C:   00018523  _packetbuf_reference_ptr           packetbuf
     0C:   00018537  _packetbuf_datalen                 packetbuf
     0C:   00018546  _packetbuf_hdrlen                  packetbuf
     0C:   00018555  _packetbuf_totlen                  packetbuf
     0C:   00018580  _packetbuf_attr_clear              packetbuf
     0C:   0001860B  _packetbuf_attr_copyto             packetbuf
     0C:   0001866D  _packetbuf_attr_copyfrom           packetbuf
     0C:   000186C5  _packetbuf_set_attr                packetbuf
     0C:   000186E4  _packetbuf_attr                    packetbuf
     0C:   000186FD  _packetbuf_set_addr                packetbuf
     0C:   00018739  _packetbuf_addr                    packetbuf
     0C:   00018753  _leds_arch_init                    leds_arch
     0C:   00018760  _leds_arch_get                     leds_arch
     0C:   0001877F  _leds_arch_set                     leds_arch
     0C:   00018F51  _rpl_set_root                      rpl_dag
     0C:   000194BA  _rpl_repair_root                   rpl_dag
     0C:   000198C9  _rpl_set_prefix                    rpl_dag
     0C:   000199F0  _rpl_set_default_route             rpl_dag
     0C:   00019B5C  _rpl_alloc_instance                rpl_dag
     0C:   00019C80  _rpl_alloc_dag                     rpl_dag
     0C:   00019EA1  _rpl_set_default_instance          rpl_dag
     0C:   00019EB5  _rpl_free_instance                 rpl_dag
     0C:   0001A000  _rpl_free_dag                      rpl_dag
     0C:   0001A0E6  _rpl_add_parent                    rpl_dag
     0C:   0001A340  _rpl_find_parent                   rpl_dag
     0C:   0001A5D6  _rpl_find_parent_any_dag           rpl_dag
     0C:   0001A73C  _rpl_select_dag                    rpl_dag
     0C:   0001B0E7  _rpl_select_parent                 rpl_dag
     0C:   0001B2D7  _rpl_remove_parent                 rpl_dag
     0C:   0001B37C  _rpl_nullify_parent                rpl_dag
     0C:   0001B4C7  _rpl_move_parent                   rpl_dag
     0C:   0001B718  _rpl_get_any_dag                   rpl_dag
     0C:   0001B7CE  _rpl_get_instance                  rpl_dag
     0C:   0001B882  _rpl_find_of                       rpl_dag
     0C:   0001B923  _rpl_join_instance                 rpl_dag
     0C:   0001C11A  _rpl_add_dag                       rpl_dag
ASxxxx Linker V02.00 + NoICE + sdld,  page 39.
Hexadecimal  [32-Bits]

Area                                    Addr        Size        Decimal Bytes (Attributes)
--------------------------------        ----        ----        ------- ----- ------------
BANK1                               00018000    00007FF9 =       32761. bytes (REL,CON,CODE)

      Value  Global                              Global Defined In Module
      -----  --------------------------------   ------------------------
     0C:   0001CC26  _rpl_local_repair                  rpl_dag
     0C:   0001CD34  _rpl_recalculate_ranks             rpl_dag
     0C:   0001CF15  _rpl_process_parent_event          rpl_dag
     0C:   0001D0EA  _rpl_process_dio                   rpl_dag
     0C:   0001DE17  _dis_output                        rpl_icmp6
     0C:   0001E751  _dio_output                        rpl_icmp6
     0C:   0001FBFF  _dao_output                        rpl_icmp6
     0C:   0001FEF3  _dao_ack_output                    rpl_icmp6
     0C:   0001FF91  _uip_rpl_input                     rpl_icmp6

ASxxxx Linker V02.00 + NoICE + sdld,  page 40.

Files Linked                              [ module(s) ]

obj_cc2530dk/contiki-main.rel             [  ]
obj_cc2530dk/main.app.rel                 [  ]


Libraries Linked                          [ object file ]

contiki-cc2530dk.lib                      [ obj_cc2530dk/process.rel ]
contiki-cc2530dk.lib                      [ obj_cc2530dk/tcpip.rel ]
contiki-cc2530dk.lib                      [ obj_cc2530dk/adc-sensor.rel ]
contiki-cc2530dk.lib                      [ obj_cc2530dk/uip-ds6.rel ]
contiki-cc2530dk.lib                      [ obj_cc2530dk/subscriber.rel ]
contiki-cc2530dk.lib                      [ obj_cc2530dk/stimer.rel ]
contiki-cc2530dk.lib                      [ obj_cc2530dk/leds.rel ]
contiki-cc2530dk.lib                      [ obj_cc2530dk/watchdog.rel ]
contiki-cc2530dk.lib                      [ obj_cc2530dk/etimer.rel ]
/usr/local/bin/../share/sdcc/lib/huge-stack-auto/libsdcc.lib
                                          [ _strcpy.rel ]
contiki-cc2530dk.lib                      [ obj_cc2530dk/button-sensor.rel ]
contiki-cc2530dk.lib                      [ obj_cc2530dk/uart-intr.rel ]
contiki-cc2530dk.lib                      [ obj_cc2530dk/rtimer.rel ]
contiki-cc2530dk.lib                      [ obj_cc2530dk/uip-ds6-route.rel ]
contiki-cc2530dk.lib                      [ obj_cc2530dk/crypto.rel ]
contiki-cc2530dk.lib                      [ obj_cc2530dk/list.rel ]
/usr/local/bin/../share/sdcc/lib/huge-stack-auto/mcs51.lib
                                          [ crtclear.rel ]
contiki-cc2530dk.lib                      [ obj_cc2530dk/serial-line.rel ]
contiki-cc2530dk.lib                      [ obj_cc2530dk/cJSON.rel ]
/usr/local/bin/../share/sdcc/lib/huge-stack-auto/mcs51.lib
                                          [ crtbank.rel ]
contiki-cc2530dk.lib                      [ obj_cc2530dk/rpl.rel ]
contiki-cc2530dk.lib                      [ obj_cc2530dk/sensors.rel ]
contiki-cc2530dk.lib                      [ obj_cc2530dk/uip6.rel ]
contiki-cc2530dk.lib                      [ obj_cc2530dk/cc2530-rf.rel ]
/usr/local/bin/../share/sdcc/lib/huge-stack-auto/mcs51.lib
                                          [ crtxinit.rel ]
contiki-cc2530dk.lib                      [ obj_cc2530dk/debug.rel ]
contiki-cc2530dk.lib                      [ obj_cc2530dk/netstack.rel ]
contiki-cc2530dk.lib                      [ obj_cc2530dk/energest.rel ]
contiki-cc2530dk.lib                      [ obj_cc2530dk/timer.rel ]
contiki-cc2530dk.lib                      [ obj_cc2530dk/uip-nd6.rel ]
/usr/local/bin/../share/sdcc/lib/huge-stack-auto/libfloat.lib
                                          [ _fsgt.rel ]
contiki-cc2530dk.lib                      [ obj_cc2530dk/object.rel ]
contiki-cc2530dk.lib                      [ obj_cc2530dk/memb.rel ]
contiki-cc2530dk.lib                      [ obj_cc2530dk/autostart.rel ]
/usr/local/bin/../share/sdcc/lib/huge-stack-auto/libsdcc.lib
                                          [ _gptrput.rel ]
contiki-cc2530dk.lib                      [ obj_cc2530dk/queuebuf.rel ]
contiki-cc2530dk.lib                      [ obj_cc2530dk/viztool.rel ]
/usr/local/bin/../share/sdcc/lib/huge-stack-auto/libsdcc.lib
                                          [ _memmove.rel ]
contiki-cc2530dk.lib                      [ obj_cc2530dk/device.rel ]
contiki-cc2530dk.lib                      [ obj_cc2530dk/putchar.rel ]
/usr/local/bin/../share/sdcc/lib/huge-stack-auto/libfloat.lib
                                          [ _fslt.rel ]
contiki-cc2530dk.lib                      [ obj_cc2530dk/packetbuf.rel ]
/usr/local/bin/../share/sdcc/lib/huge-stack-auto/libsdcc.lib
                                          [ _malloc.rel ]
contiki-cc2530dk.lib                      [ obj_cc2530dk/leds-arch.rel ]
/usr/local/bin/../share/sdcc/lib/huge-stack-auto/libint.lib
                                          [ _mulint.rel ]
/usr/local/bin/../share/sdcc/lib/huge-stack-auto/libsdcc.lib
                                          [ _heap.rel ]
contiki-cc2530dk.lib                      [ obj_cc2530dk/smartrf-sensors.rel ]
contiki-cc2530dk.lib                      [ obj_cc2530dk/device-fs.rel ]
contiki-cc2530dk.lib                      [ obj_cc2530dk/uip-udp-packet.rel ]
contiki-cc2530dk.lib                      [ obj_cc2530dk/clock.rel ]
contiki-cc2530dk.lib                      [ obj_cc2530dk/neighbor-info.rel ]
contiki-cc2530dk.lib                      [ obj_cc2530dk/cc2530-aes.rel ]
contiki-cc2530dk.lib                      [ obj_cc2530dk/rpl-dag.rel ]
contiki-cc2530dk.lib                      [ obj_cc2530dk/rtimer-arch.rel ]
contiki-cc2530dk.lib                      [ obj_cc2530dk/rpl-timers.rel ]
/usr/local/bin/../share/sdcc/lib/huge-stack-auto/libsdcc.lib
                                          [ _memcmp.rel ]
contiki-cc2530dk.lib                      [ obj_cc2530dk/uart0.rel ]
contiki-cc2530dk.lib                      [ obj_cc2530dk/neighbor-attr.rel ]
/usr/local/bin/../share/sdcc/lib/huge-stack-auto/libfloat.lib
                                          [ _fsadd.rel ]
contiki-cc2530dk.lib                      [ obj_cc2530dk/ringbuf.rel ]
/usr/local/bin/../share/sdcc/lib/huge-stack-auto/mcs51.lib
                                          [ crtxclear.rel ]
contiki-cc2530dk.lib                      [ obj_cc2530dk/uip-icmp6.rel ]
contiki-cc2530dk.lib                      [ obj_cc2530dk/resource.rel ]
contiki-cc2530dk.lib                      [ obj_cc2530dk/device_profile.rel ]
contiki-cc2530dk.lib                      [ obj_cc2530dk/ipso_resource.rel ]
contiki-cc2530dk.lib                      [ obj_cc2530dk/rpl-icmp6.rel ]
/usr/local/bin/../share/sdcc/lib/huge-stack-auto/libfloat.lib
                                          [ _fscmp.rel ]
/usr/local/bin/../share/sdcc/lib/huge-stack-auto/liblong.lib
                                          [ _modulong.rel ]
contiki-cc2530dk.lib                      [ obj_cc2530dk/random.rel ]
contiki-cc2530dk.lib                      [ obj_cc2530dk/ctimer.rel ]
contiki-cc2530dk.lib                      [ obj_cc2530dk/rpl-ext-header.rel ]
/usr/local/bin/../share/sdcc/lib/huge-stack-auto/libsdcc.lib
                                          [ sprintf.rel ]
/usr/local/bin/../share/sdcc/lib/huge-stack-auto/libsdcc.lib
                                          [ _strncmp.rel ]
/usr/local/bin/../share/sdcc/lib/huge-stack-auto/libfloat.lib
                                          [ _sint2fs.rel ]
/usr/local/bin/../share/sdcc/lib/huge-stack-auto/libfloat.lib
                                          [ _fs2sint.rel ]
/usr/local/bin/../share/sdcc/lib/huge-stack-auto/liblong.lib
                                          [ _divulong.rel ]
contiki-cc2530dk.lib                      [ obj_cc2530dk/rimeaddr.rel ]
/usr/local/bin/../share/sdcc/lib/huge-stack-auto/libsdcc.lib
                                          [ _isupper.rel ]
/usr/local/bin/../share/sdcc/lib/huge-stack-auto/libsdcc.lib
                                          [ _memset.rel ]
/usr/local/bin/../share/sdcc/lib/huge-stack-auto/libsdcc.lib
                                          [ _memcpy.rel ]
contiki-cc2530dk.lib                      [ obj_cc2530dk/device_api.rel ]
contiki-cc2530dk.lib                      [ obj_cc2530dk/csma.rel ]
/usr/local/bin/../share/sdcc/lib/huge-stack-auto/libfloat.lib
                                          [ _fsreturnval.rel ]
/usr/local/bin/../share/sdcc/lib/huge-stack-auto/libsdcc.lib
                                          [ _bp.rel ]
contiki-cc2530dk.lib                      [ obj_cc2530dk/message.rel ]
/usr/local/bin/../share/sdcc/lib/huge-stack-auto/libsdcc.lib
                                          [ _strncpy.rel ]
contiki-cc2530dk.lib                      [ obj_cc2530dk/uip-debug.rel ]
/usr/local/bin/../share/sdcc/lib/huge-stack-auto/libsdcc.lib
                                          [ vprintf.rel ]
/usr/local/bin/../share/sdcc/lib/huge-stack-auto/libfloat.lib
                                          [ _fsswapargs.rel ]
/usr/local/bin/../share/sdcc/lib/huge-stack-auto/libsdcc.lib
                                          [ _strchr.rel ]
/usr/local/bin/../share/sdcc/lib/huge-stack-auto/libsdcc.lib
                                          [ _strlen.rel ]
contiki-cc2530dk.lib                      [ obj_cc2530dk/soc.rel ]
/usr/local/bin/../share/sdcc/lib/huge-stack-auto/libsdcc.lib
                                          [ _strcmp.rel ]
/usr/local/bin/../share/sdcc/lib/huge-stack-auto/libfloat.lib
                                          [ _fs2schar.rel ]
/usr/local/bin/../share/sdcc/lib/huge-stack-auto/libfloat.lib
                                          [ _fsdiv.rel ]
/usr/local/bin/../share/sdcc/lib/huge-stack-auto/mcs51.lib
                                          [ gptr_cmp.rel ]
/usr/local/bin/../share/sdcc/lib/huge-stack-auto/mcs51.lib
                                          [ crtstart.rel ]
contiki-cc2530dk.lib                      [ obj_cc2530dk/rimestats.rel ]
/usr/local/bin/../share/sdcc/lib/huge-stack-auto/libsdcc.lib
                                          [ _gptrget.rel ]
/usr/local/bin/../share/sdcc/lib/huge-stack-auto/liblong.lib
                                          [ _mullong.rel ]
/usr/local/bin/../share/sdcc/lib/huge-stack-auto/libfloat.lib
                                          [ _slong2fs.rel ]
/usr/local/bin/../share/sdcc/lib/huge-stack-auto/libint.lib
                                          [ _moduint.rel ]
contiki-cc2530dk.lib                      [ obj_cc2530dk/nullrdc.rel ]
/usr/local/bin/../share/sdcc/lib/huge-stack-auto/libint.lib
                                          [ _divsint.rel ]
/usr/local/bin/../share/sdcc/lib/huge-stack-auto/libfloat.lib
                                          [ _fssub.rel ]
/usr/local/bin/../share/sdcc/lib/huge-stack-auto/libint.lib
                                          [ _divuint.rel ]
/usr/local/bin/../share/sdcc/lib/huge-stack-auto/libfloat.lib
                                          [ _fsmul.rel ]
/usr/local/bin/../share/sdcc/lib/huge-stack-auto/libfloat.lib
                                          [ _fsget2args.rel ]
/usr/local/bin/../share/sdcc/lib/huge-stack-auto/libfloat.lib
                                          [ _fsrshift.rel ]
/usr/local/bin/../share/sdcc/lib/huge-stack-auto/libfloat.lib
                                          [ _fsnormalize.rel ]
/usr/local/bin/../share/sdcc/lib/huge-stack-auto/libfloat.lib
                                          [ _fs2slong.rel ]
contiki-cc2530dk.lib                      [ obj_cc2530dk/sicslowpan.rel ]
/usr/local/bin/../share/sdcc/lib/huge-stack-auto/libsdcc.lib
                                          [ time.rel ]
/usr/local/bin/../share/sdcc/lib/huge-stack-auto/libsdcc.lib
                                          [ _startup.rel ]
contiki-cc2530dk.lib                      [ obj_cc2530dk/rpl-of-etx.rel ]
/usr/local/bin/../share/sdcc/lib/huge-stack-auto/libfloat.lib
                                          [ _fsget1arg.rel ]
/usr/local/bin/../share/sdcc/lib/huge-stack-auto/libsdcc.lib
                                          [ printf_large.rel ]
/usr/local/bin/../share/sdcc/lib/huge-stack-auto/liblong.lib
                                          [ _divslong.rel ]
contiki-cc2530dk.lib                      [ obj_cc2530dk/framer-802154.rel ]
contiki-cc2530dk.lib                      [ obj_cc2530dk/frame802154.rel ]
/usr/local/bin/../share/sdcc/lib/huge-stack-auto/libint.lib
                                          [ _modsint.rel ]
/usr/local/bin/../share/sdcc/lib/huge-stack-auto/libfloat.lib
                                          [ _fs2ulong.rel ]
/usr/local/bin/../share/sdcc/lib/huge-stack-auto/libfloat.lib
                                          [ _ulong2fs.rel ]

ASxxxx Linker V02.00 + NoICE + sdld,  page 41.

User Base Address Definitions

HOME = 0x0000
ISEG = 0x0000
BSEG = 0x0000
BANK1=0x018000
BANK2=0x028000
BANK3=0x038000
BANK4=0x048000
BANK5=0x058000

